// Jest Snapshot v1, https://goo.gl/fbAQLP

exports[`TechsFilter should render correctly 1`] = `
<div>
  <div
    class="flex w-full flex-col px-4 sm:px-16"
  >
    <h2
      class="mb-2 text-[#e0def4] font-roboto font-bold sm:text-xl"
    >
      Toggle topics to show
    </h2>
    <div
      class="flex w-full flex-row flex-wrap justify-between space-x-2 sm:justify-start sm:space-x-4"
    >
      <div
        class="bg-white mb-4 flex cursor-pointer items-center justify-center rounded-full border border-black py-3 px-8 font-medium text-black sm:mb-0"
        data-testid="chips-button"
      >
        <div
          class="max-w-full flex-initial text-lg font-bold leading-none"
        >
          Typescript
        </div>
      </div>
      <div
        class="bg-white mb-4 flex cursor-pointer items-center justify-center rounded-full border border-black py-3 px-8 font-medium text-black sm:mb-0"
        data-testid="chips-button"
      >
        <div
          class="max-w-full flex-initial text-lg font-bold leading-none"
        >
          Javascript
        </div>
      </div>
      <div
        class="bg-white mb-4 flex cursor-pointer items-center justify-center rounded-full border border-black py-3 px-8 font-medium text-black sm:mb-0"
        data-testid="chips-button"
      >
        <div
          class="max-w-full flex-initial text-lg font-bold leading-none"
        >
          Vue
        </div>
      </div>
      <div
        class="bg-white mb-4 flex cursor-pointer items-center justify-center rounded-full border border-black py-3 px-8 font-medium text-black sm:mb-0"
        data-testid="chips-button"
      >
        <div
          class="max-w-full flex-initial text-lg font-bold leading-none"
        >
          Go
        </div>
      </div>
      <div
        class="bg-white mb-4 flex cursor-pointer items-center justify-center rounded-full border border-black py-3 px-8 font-medium text-black sm:mb-0"
        data-testid="chips-button"
      >
        <div
          class="max-w-full flex-initial text-lg font-bold leading-none"
        >
          CSS
        </div>
      </div>
      <div
        class="bg-white mb-4 flex cursor-pointer items-center justify-center rounded-full border border-black py-3 px-8 font-medium text-black sm:mb-0"
        data-testid="chips-button"
      >
        <div
          class="max-w-full flex-initial text-lg font-bold leading-none"
        >
          Node
        </div>
      </div>
    </div>
  </div>
</div>
`;
