// Jest Snapshot v1, https://goo.gl/fbAQLP

exports[`ListSortMenu should render correctly 1`] = `
<div>
  <div
    class="absolute right-0 z-30 mr-2 w-64 sm:left-0"
  >
    <li
      class="list-none bg-white"
    >
      <ul
        class="underline cursor-pointer px-2 py-1 font-semibold hover:bg-gray-light"
      >
        Sort by 
        stars
      </ul>
      <ul
        class="false cursor-pointer px-2 py-1 font-semibold hover:bg-gray-light"
      >
        Sort by 
        forks
      </ul>
      <ul
        class="false cursor-pointer px-2 py-1 font-semibold hover:bg-gray-light"
      >
        Sort by 
        updated
      </ul>
      <ul
        class="false cursor-pointer px-2 py-1 font-semibold hover:bg-gray-light"
      >
        Sort by 
        help wanted issues
      </ul>
    </li>
  </div>
</div>
`;
