// Jest Snapshot v1, https://goo.gl/fbAQLP

exports[`RepositoriesList should render the correctly 1`] = `
<div>
  <div
    class="relative"
    data-testid="repositories-list-container"
  >
    <h1
      class="pl-16 text-[#e0def4] font-roboto text-4xl font-bold"
    >
      Mock title
    </h1>
    <div
      class="no-scrollbar relative flex h-72 w-full snap-mandatory flex-row flex-nowrap items-center space-x-4 overflow-x-auto overflow-y-hidden py-4 pl-16 pr-4"
      data-testid="repositories-list"
    >
      <div
        class="relative h-56 w-112 flex-shrink-0 flex-grow basis-112 cursor-pointer snap-center scroll-mx-96 transition-transform hover:z-10 hover:scale-115 hover:shadow-md"
        data-testid="repository-card-10270250"
      >
        <img
          alt="facebook/react"
          class="h-full w-full"
          src="https://opengraph.githubassets.com/123abc/facebook/react"
        />
      </div>
      <div
        class="relative h-56 w-112 flex-shrink-0 flex-grow basis-112 cursor-pointer snap-center scroll-mx-96 transition-transform hover:z-10 hover:scale-115 hover:shadow-md"
        data-testid="repository-card-126577260"
      >
        <img
          alt="trekhleb/javascript-algorithms"
          class="h-full w-full"
          src="https://opengraph.githubassets.com/123abc/trekhleb/javascript-algorithms"
        />
      </div>
      <div
        class="relative h-56 w-112 flex-shrink-0 flex-grow basis-112 cursor-pointer snap-center scroll-mx-96 transition-transform hover:z-10 hover:scale-115 hover:shadow-md"
        data-testid="repository-card-2126244"
      >
        <img
          alt="twbs/bootstrap"
          class="h-full w-full"
          src="https://opengraph.githubassets.com/123abc/twbs/bootstrap"
        />
      </div>
      <div
        class="relative h-56 w-112 flex-shrink-0 flex-grow basis-112 cursor-pointer snap-center scroll-mx-96 transition-transform hover:z-10 hover:scale-115 hover:shadow-md"
        data-testid="repository-card-6498492"
      >
        <img
          alt="airbnb/javascript"
          class="h-full w-full"
          src="https://opengraph.githubassets.com/123abc/airbnb/javascript"
        />
      </div>
      <div
        class="relative h-56 w-112 flex-shrink-0 flex-grow basis-112 cursor-pointer snap-center scroll-mx-96 transition-transform hover:z-10 hover:scale-115 hover:shadow-md"
        data-testid="repository-card-29028775"
      >
        <img
          alt="facebook/react-native"
          class="h-full w-full"
          src="https://opengraph.githubassets.com/123abc/facebook/react-native"
        />
      </div>
    </div>
    <div
      class="absolute bottom-0 right-0 z-20 mb-4 flex h-64 w-60 items-center justify-end bg-gradient-to-r from-transparent to-base opacity-0 transition-opacity hover:opacity-100"
    >
      <button
        class="h-full pl-8 pr-2"
      >
        <svg
          class="h-12 w-12 stroke-gray-light"
          fill="none"
          stroke="currentColor"
          stroke-width="1.5"
          viewBox="0 0 24 24"
          xmlns="http://www.w3.org/2000/svg"
        >
          <path
            d="M8.25 4.5l7.5 7.5-7.5 7.5"
            stroke-linecap="round"
            stroke-linejoin="round"
          />
        </svg>
      </button>
    </div>
  </div>
</div>
`;
